Did :50000000 Refused: 0 Disagree0 time 00:00:59.1755876