Scenario : fallback -1 
Valeur   : 10000000000000000000000000000000000000000000e+308 
Resultat : ∞
Scenario : fallback -2 
Valeur   : 3.1415926535897932384626433832795028841971693993751 
Resultat : 3,141592653589793
Scenario : fallback -3 
Valeur   : 1.1e-327 
Resultat : 0
Scenario : fallback -4 
Valeur   : 1e23 
Resultat : 9,999999999999999E+22
